// Jest Snapshot v1, https://goo.gl/fbAQLP

exports[`<Player/> render the <Player/> with a bunny video 1`] = `
<div
  class="player__Container-sc-jcgog2-0"
>
  <button
    class="player__Button-sc-jcgog2-4 iKUprc"
  >
    Play
  </button>
</div>
`;
